

namespace http://www.leda.org/xdl
{
    include <QtGlobal>;
    include <QString>;
    include <QList>;
    include <QPointF>;
    include <QPen>;
    include <QBrush>;
    include <QColor>;
    include <QFont>;

    include "symboldocument.h";
    include "symbolitem.h";

    Symbol xdl::symbol::Document*;
    ItemList QList<xdl::symbol::Item*>;
    Polyline xdl::symbol::PolylineItem*;
    Polygon xdl::symbol::PolygonItem*;
    Rectangle xdl::symbol::RectangleItem*;
    Circle xdl::symbol::CircleItem*;
    CircularArc xdl::symbol::CircularArcItem*;
    Ellipse xdl::symbol::EllipseItem*;
    EllipticalArc xdl::symbol::EllipticalArcItem*;
    Label xdl::symbol::LabelItem*;
    Pin xdl::symbol::PinItem*;
    ItemGroup xdl::symbol::ItemGroup*;

    Angle qreal;
    Opacity qreal;
    NonNegativeDouble qreal;

    Pen QPen;
    PenStyle Qt::PenStyle;
    PenCapStyle Qt::PenCapStyle;
    PenJoinStyle Qt::PenJoinStyle;
    Brush QBrush;
    BrushStyle Qt::BrushStyle;
    Point QPointF;
    PointList QList<QPointF>;
    Color QColor;
    Font QFont;
}

namespace http://www.w3.org/2001/XMLSchema
{
    #double qreal;
    #string QString;
}
